2026-04-22 02:00:08,315 - INFO - Max sim = 0 (unlimited) — will run until 2 alphas found
2026-04-22 02:00:08,317 - INFO - ========================================================================
2026-04-22 02:00:08,317 - INFO - USA D1 RAM PPA mining | BUILTIN FIELDS | target=2
2026-04-22 02:00:08,318 - INFO - ========================================================================
2026-04-22 02:00:10,643 - INFO - WorldQuant API 全局会话初始化成功
2026-04-22 02:00:10,645 - INFO - Built 101 unique expressions from builtin fields
2026-04-22 02:00:10,645 - INFO - [DB] save_pipeline_alphas 开始保存: order=1, stage=usa_ram_ppa_builtin, 数量=101
2026-04-22 02:00:10,746 - INFO - [DB] save_pipeline_alphas 完成: 新增=0, 跳过=101, 错误=0
2026-04-22 02:00:10,747 - INFO - Saved expressions to pipeline_alphas
2026-04-22 02:00:10,747 - INFO - SIM #1 | group_neutralize(rank(subtract(close, open)), sta1_top3000c50)...
2026-04-22 02:00:10,747 - INFO - 开始对Alpha进行回测...
2026-04-22 02:00:17,052 - INFO - 回测中 (5.0s): 预计5.0s后完成, 进度0.1%
2026-04-22 02:00:22,371 - INFO - 回测中 (10.0s): 预计5.0s后完成, 进度0.15%
2026-04-22 02:00:27,681 - INFO - 回测中 (15.0s): 预计5.0s后完成, 进度0.15%
2026-04-22 02:00:33,002 - INFO - 回测中 (20.0s): 预计5.0s后完成, 进度0.15%
2026-04-22 02:00:38,320 - INFO - 回测中 (25.0s): 预计5.0s后完成, 进度0.15%
2026-04-22 02:00:43,764 - INFO - 回测中 (30.0s): 预计5.0s后完成, 进度0.15%
2026-04-22 02:00:49,087 - INFO - 回测中 (35.0s): 预计5.0s后完成, 进度0.15%
2026-04-22 02:00:54,423 - INFO - 回测中 (40.0s): 预计5.0s后完成, 进度0.35%
2026-04-22 02:01:00,811 - INFO - 回测中 (45.0s): 预计5.0s后完成, 进度0.35%
2026-04-22 02:01:06,121 - INFO - 回测中 (50.0s): 预计5.0s后完成, 进度0.35%
2026-04-22 02:01:11,470 - INFO - 回测中 (55.0s): 预计5.0s后完成, 进度0.35%
2026-04-22 02:01:16,778 - INFO - 回测中 (60.0s): 预计5.0s后完成, 进度0.35%
2026-04-22 02:01:22,087 - INFO - 回测中 (65.0s): 预计5.0s后完成, 进度0.35%
2026-04-22 02:01:27,464 - INFO - 回测中 (70.0s): 预计5.0s后完成, 进度0.35%
2026-04-22 02:01:32,773 - INFO - 回测中 (75.0s): 预计5.0s后完成, 进度0.35%
2026-04-22 02:01:38,094 - INFO - 回测中 (80.0s): 预计5.0s后完成, 进度0.35%
2026-04-22 02:01:43,407 - INFO - 回测中 (85.0s): 预计5.0s后完成, 进度0.35%
2026-04-22 02:01:48,717 - INFO - 回测中 (90.0s): 预计5.0s后完成, 进度0.35%
2026-04-22 02:01:54,024 - INFO - 回测中 (95.0s): 预计5.0s后完成, 进度0.35%
2026-04-22 02:01:59,338 - INFO - 回测中 (100.0s): 预计5.0s后完成, 进度0.35%
2026-04-22 02:02:04,652 - INFO - 回测中 (105.0s): 预计5.0s后完成, 进度0.35%
2026-04-22 02:02:09,966 - INFO - 回测中 (110.0s): 预计5.0s后完成, 进度0.35%
2026-04-22 02:02:15,309 - INFO - 回测中 (115.0s): 预计5.0s后完成, 进度0.35%
2026-04-22 02:02:20,638 - INFO - 回测中 (120.0s): 预计5.0s后完成, 进度0.35%
2026-04-22 02:02:25,973 - INFO - 回测中 (125.0s): 预计5.0s后完成, 进度0.35%
2026-04-22 02:02:31,284 - INFO - 回测中 (130.0s): 预计5.0s后完成, 进度0.35%
2026-04-22 02:02:36,604 - INFO - 回测中 (135.0s): 预计5.0s后完成, 进度0.35%
2026-04-22 02:02:41,920 - INFO - 回测中 (140.0s): 预计5.0s后完成, 进度0.35%
2026-04-22 02:02:47,233 - INFO - 回测中 (145.0s): 预计5.0s后完成, 进度0.35%
2026-04-22 02:02:52,558 - INFO - 回测中 (150.0s): 预计5.0s后完成, 进度0.35%
2026-04-22 02:02:58,283 - INFO - 回测中 (155.0s): 预计5.0s后完成, 进度0.35%
2026-04-22 02:03:03,595 - INFO - 回测中 (160.0s): 预计5.0s后完成, 进度0.35%
2026-04-22 02:03:08,930 - INFO - 回测中 (165.0s): 预计5.0s后完成, 进度0.35%
2026-04-22 02:03:14,254 - INFO - 回测中 (170.0s): 预计5.0s后完成, 进度0.35%
2026-04-22 02:03:19,573 - INFO - 回测中 (175.0s): 预计5.0s后完成, 进度0.35%
2026-04-22 02:03:24,898 - INFO - 回测中 (180.0s): 预计5.0s后完成, 进度0.35%
2026-04-22 02:03:30,229 - INFO - 回测中 (185.0s): 预计5.0s后完成, 进度0.35%
2026-04-22 02:03:35,571 - INFO - 回测中 (190.0s): 预计5.0s后完成, 进度0.35%
2026-04-22 02:03:40,917 - INFO - 回测中 (195.0s): 预计5.0s后完成, 进度0.35%
2026-04-22 02:03:46,275 - INFO - 回测中 (200.0s): 预计5.0s后完成, 进度0.35%
2026-04-22 02:03:51,629 - INFO - 回测中 (205.0s): 预计5.0s后完成, 进度0.35%
2026-04-22 02:03:57,117 - INFO - 回测中 (210.0s): 预计5.0s后完成, 进度0.35%
2026-04-22 02:04:02,430 - INFO - 回测中 (215.0s): 预计5.0s后完成, 进度0.35%
2026-04-22 02:04:07,735 - INFO - 回测中 (220.0s): 预计5.0s后完成, 进度0.35%
2026-04-22 02:04:13,048 - INFO - 回测中 (225.0s): 预计5.0s后完成, 进度0.35%
2026-04-22 02:04:18,382 - INFO - 回测中 (230.0s): 预计5.0s后完成, 进度0.35%
2026-04-22 02:04:23,726 - INFO - 回测中 (235.0s): 预计5.0s后完成, 进度0.35%
2026-04-22 02:04:29,036 - INFO - 回测中 (240.0s): 预计5.0s后完成, 进度0.35%
2026-04-22 02:04:34,400 - INFO - 回测中 (245.0s): 预计5.0s后完成, 进度0.35%
2026-04-22 02:04:40,544 - INFO - 回测中 (250.0s): 预计5.0s后完成, 进度0.35%
2026-04-22 02:04:46,101 - INFO - 回测中 (255.0s): 预计5.0s后完成, 进度0.35%
2026-04-22 02:04:51,479 - INFO - 回测中 (260.0s): 预计5.0s后完成, 进度0.35%
2026-04-22 02:04:56,851 - INFO - 回测中 (265.0s): 预计5.0s后完成, 进度0.35%
2026-04-22 02:05:02,184 - INFO - 回测中 (270.0s): 预计5.0s后完成, 进度0.35%
2026-04-22 02:05:07,495 - INFO - 回测中 (275.0s): 预计5.0s后完成, 进度0.35%
2026-04-22 02:05:12,810 - INFO - 回测中 (280.0s): 预计5.0s后完成, 进度0.35%
2026-04-22 02:05:18,153 - INFO - 回测中 (285.0s): 预计5.0s后完成, 进度0.35%
2026-04-22 02:05:23,462 - INFO - 回测中 (290.0s): 预计5.0s后完成, 进度0.35%
2026-04-22 02:05:28,868 - INFO - 回测中 (295.0s): 预计5.0s后完成, 进度0.35%
2026-04-22 02:05:34,259 - INFO - 回测中 (300.0s): 预计5.0s后完成, 进度0.35%
2026-04-22 02:05:39,596 - INFO - 回测中 (305.0s): 预计5.0s后完成, 进度0.35%
2026-04-22 02:05:44,910 - INFO - 回测中 (310.0s): 预计5.0s后完成, 进度0.35%
2026-04-22 02:05:50,224 - INFO - 回测中 (315.0s): 预计5.0s后完成, 进度0.35%
2026-04-22 02:05:55,535 - WARNING - [STALL] 进度 0.35% 已停滞 300s，响应头: {'Date': 'Tue, 21 Apr 2026 18:05:51 GMT', 'Content-Type': 'application/json', 'Content-Length': '17', 'Connection': 'keep-alive', 'Retry-After': '5.0', 'Allow': 'GET, DELETE, HEAD, OPTIONS', 'X-Request-Id': 'ec943f8f3ffa434baa20229d25673490', 'X-Frame-Options': 'SAMEORIGIN', 'Vary': 'Accept-Language, Cookie, Origin', 'Content-Language': 'en', 'Access-Control-Allow-Origin': 'https://platform.worldquantbrain.com', 'Access-Control-Allow-Credentials': 'true', 'Access-Control-Expose-Headers': 'Location,Retry-After', 'Strict-Transport-Security': 'max-age=31536000; includeSubDomains'}, 响应体: {'progress': 0.35}
2026-04-22 02:05:55,537 - INFO - 回测中 (320.0s): 预计5.0s后完成, 进度0.35%
2026-04-22 02:06:01,135 - INFO - 回测中 (325.0s): 预计5.0s后完成, 进度0.35%
2026-04-22 02:06:06,585 - INFO - 回测中 (330.0s): 预计5.0s后完成, 进度0.35%
2026-04-22 02:06:11,901 - INFO - 回测中 (335.0s): 预计5.0s后完成, 进度0.35%
2026-04-22 02:06:17,216 - INFO - 回测中 (340.0s): 预计5.0s后完成, 进度0.35%
